#! /c/Source/iverilog-install/bin/vvp
:ivl_version "12.0 (devel)" "(s20150603-1539-g2693dd32b)";
:ivl_delay_selection "TYPICAL";
:vpi_time_precision - 12;
:vpi_module "C:\iverilog\lib\ivl\system.vpi";
:vpi_module "C:\iverilog\lib\ivl\vhdl_sys.vpi";
:vpi_module "C:\iverilog\lib\ivl\vhdl_textio.vpi";
:vpi_module "C:\iverilog\lib\ivl\v2005_math.vpi";
:vpi_module "C:\iverilog\lib\ivl\va_math.vpi";
S_00000171fd7ab2f0 .scope module, "testbench_ch5_alu" "testbench_ch5_alu" 2 3;
 .timescale -9 -12;
v00000171fd7c2ce0_0 .var "a", 31 0;
v00000171fd7c2d80_0 .var "b", 31 0;
v00000171fd7c2e20_0 .var "opcode", 3 0;
v00000171fd7c2ec0_0 .net "result", 31 0, v00000171fd7abcd0_0;  1 drivers
S_00000171fd7aba00 .scope module, "alu" "ALU" 2 9, 3 1 0, S_00000171fd7ab2f0;
 .timescale -9 -12;
    .port_info 0 /INPUT 32 "a";
    .port_info 1 /INPUT 32 "b";
    .port_info 2 /INPUT 4 "alu_op";
    .port_info 3 /OUTPUT 32 "result";
v00000171fd7f4f90_0 .net "a", 31 0, v00000171fd7c2ce0_0;  1 drivers
v00000171fd7abb90_0 .net "alu_op", 3 0, v00000171fd7c2e20_0;  1 drivers
v00000171fd7abc30_0 .net "b", 31 0, v00000171fd7c2d80_0;  1 drivers
v00000171fd7abcd0_0 .var "result", 31 0;
E_00000171fd7f3ad0 .event anyedge, v00000171fd7abb90_0, v00000171fd7f4f90_0, v00000171fd7abc30_0;
    .scope S_00000171fd7aba00;
T_0 ;
    %wait E_00000171fd7f3ad0;
    %load/vec4 v00000171fd7abb90_0;
    %dup/vec4;
    %pushi/vec4 0, 0, 4;
    %cmp/u;
    %jmp/1 T_0.0, 6;
    %dup/vec4;
    %pushi/vec4 8, 0, 4;
    %cmp/u;
    %jmp/1 T_0.1, 6;
    %dup/vec4;
    %pushi/vec4 1, 0, 4;
    %cmp/u;
    %jmp/1 T_0.2, 6;
    %dup/vec4;
    %pushi/vec4 2, 0, 4;
    %cmp/u;
    %jmp/1 T_0.3, 6;
    %dup/vec4;
    %pushi/vec4 3, 0, 4;
    %cmp/u;
    %jmp/1 T_0.4, 6;
    %dup/vec4;
    %pushi/vec4 4, 0, 4;
    %cmp/u;
    %jmp/1 T_0.5, 6;
    %dup/vec4;
    %pushi/vec4 5, 0, 4;
    %cmp/u;
    %jmp/1 T_0.6, 6;
    %dup/vec4;
    %pushi/vec4 13, 0, 4;
    %cmp/u;
    %jmp/1 T_0.7, 6;
    %dup/vec4;
    %pushi/vec4 6, 0, 4;
    %cmp/u;
    %jmp/1 T_0.8, 6;
    %dup/vec4;
    %pushi/vec4 7, 0, 4;
    %cmp/u;
    %jmp/1 T_0.9, 6;
    %load/vec4 v00000171fd7f4f90_0;
    %load/vec4 v00000171fd7abc30_0;
    %add;
    %store/vec4 v00000171fd7abcd0_0, 0, 32;
    %jmp T_0.11;
T_0.0 ;
    %load/vec4 v00000171fd7f4f90_0;
    %load/vec4 v00000171fd7abc30_0;
    %add;
    %store/vec4 v00000171fd7abcd0_0, 0, 32;
    %jmp T_0.11;
T_0.1 ;
    %load/vec4 v00000171fd7f4f90_0;
    %load/vec4 v00000171fd7abc30_0;
    %sub;
    %store/vec4 v00000171fd7abcd0_0, 0, 32;
    %jmp T_0.11;
T_0.2 ;
    %load/vec4 v00000171fd7f4f90_0;
    %load/vec4 v00000171fd7abc30_0;
    %parti/s 5, 0, 2;
    %ix/vec4 4;
    %shiftl 4;
    %store/vec4 v00000171fd7abcd0_0, 0, 32;
    %jmp T_0.11;
T_0.3 ;
    %load/vec4 v00000171fd7f4f90_0;
    %load/vec4 v00000171fd7abc30_0;
    %cmp/s;
    %flag_mov 8, 5;
    %jmp/0 T_0.12, 8;
    %pushi/vec4 1, 0, 32;
    %jmp/1 T_0.13, 8;
T_0.12 ; End of true expr.
    %pushi/vec4 0, 0, 32;
    %jmp/0 T_0.13, 8;
 ; End of false expr.
    %blend;
T_0.13;
    %store/vec4 v00000171fd7abcd0_0, 0, 32;
    %jmp T_0.11;
T_0.4 ;
    %load/vec4 v00000171fd7f4f90_0;
    %load/vec4 v00000171fd7abc30_0;
    %cmp/u;
    %flag_mov 8, 5;
    %jmp/0 T_0.14, 8;
    %pushi/vec4 1, 0, 32;
    %jmp/1 T_0.15, 8;
T_0.14 ; End of true expr.
    %pushi/vec4 0, 0, 32;
    %jmp/0 T_0.15, 8;
 ; End of false expr.
    %blend;
T_0.15;
    %store/vec4 v00000171fd7abcd0_0, 0, 32;
    %jmp T_0.11;
T_0.5 ;
    %load/vec4 v00000171fd7f4f90_0;
    %load/vec4 v00000171fd7abc30_0;
    %xor;
    %store/vec4 v00000171fd7abcd0_0, 0, 32;
    %jmp T_0.11;
T_0.6 ;
    %load/vec4 v00000171fd7f4f90_0;
    %load/vec4 v00000171fd7abc30_0;
    %parti/s 5, 0, 2;
    %ix/vec4 4;
    %shiftr 4;
    %store/vec4 v00000171fd7abcd0_0, 0, 32;
    %jmp T_0.11;
T_0.7 ;
    %load/vec4 v00000171fd7f4f90_0;
    %load/vec4 v00000171fd7abc30_0;
    %parti/s 5, 0, 2;
    %ix/vec4 4;
    %shiftr/s 4;
    %store/vec4 v00000171fd7abcd0_0, 0, 32;
    %jmp T_0.11;
T_0.8 ;
    %load/vec4 v00000171fd7f4f90_0;
    %load/vec4 v00000171fd7abc30_0;
    %or;
    %store/vec4 v00000171fd7abcd0_0, 0, 32;
    %jmp T_0.11;
T_0.9 ;
    %load/vec4 v00000171fd7f4f90_0;
    %load/vec4 v00000171fd7abc30_0;
    %and;
    %store/vec4 v00000171fd7abcd0_0, 0, 32;
    %jmp T_0.11;
T_0.11 ;
    %pop/vec4 1;
    %jmp T_0;
    .thread T_0, $push;
    .scope S_00000171fd7ab2f0;
T_1 ;
    %delay 5000, 0;
    %vpi_call 2 13 "$display", "a         op   b       result    status" {0 0 0};
    %pushi/vec4 0, 0, 32;
    %assign/vec4 v00000171fd7c2ce0_0, 0;
    %pushi/vec4 1, 0, 32;
    %assign/vec4 v00000171fd7c2d80_0, 0;
    %pushi/vec4 0, 0, 4;
    %assign/vec4 v00000171fd7c2e20_0, 0;
    %delay 5000, 0;
    %load/vec4 v00000171fd7c2ec0_0;
    %cmpi/e 1, 0, 32;
    %flag_mov 8, 4;
    %jmp/0 T_1.0, 8;
    %pushi/vec4 1885434739, 0, 32; draw_string_vec4
    %jmp/1 T_1.1, 8;
T_1.0 ; End of true expr.
    %pushi/vec4 1717660012, 0, 32; draw_string_vec4
    %jmp/0 T_1.1, 8;
 ; End of false expr.
    %blend;
T_1.1;
    %vpi_call 2 20 "$display", "%8h %4s  %8h %8h    %s", v00000171fd7c2ce0_0, "add", v00000171fd7c2d80_0, v00000171fd7c2ec0_0, S<0,vec4,u32> {1 0 0};
    %pushi/vec4 2147483647, 0, 32;
    %assign/vec4 v00000171fd7c2ce0_0, 0;
    %pushi/vec4 1, 0, 32;
    %assign/vec4 v00000171fd7c2d80_0, 0;
    %pushi/vec4 0, 0, 4;
    %assign/vec4 v00000171fd7c2e20_0, 0;
    %delay 5000, 0;
    %load/vec4 v00000171fd7c2ec0_0;
    %cmpi/e 2147483648, 0, 32;
    %flag_mov 8, 4;
    %jmp/0 T_1.2, 8;
    %pushi/vec4 1885434739, 0, 32; draw_string_vec4
    %jmp/1 T_1.3, 8;
T_1.2 ; End of true expr.
    %pushi/vec4 1717660012, 0, 32; draw_string_vec4
    %jmp/0 T_1.3, 8;
 ; End of false expr.
    %blend;
T_1.3;
    %vpi_call 2 26 "$display", "%8h %4s  %8h %8h    %s", v00000171fd7c2ce0_0, "add", v00000171fd7c2d80_0, v00000171fd7c2ec0_0, S<0,vec4,u32> {1 0 0};
    %pushi/vec4 2147483648, 0, 32;
    %assign/vec4 v00000171fd7c2ce0_0, 0;
    %pushi/vec4 1, 0, 32;
    %assign/vec4 v00000171fd7c2d80_0, 0;
    %pushi/vec4 0, 0, 4;
    %assign/vec4 v00000171fd7c2e20_0, 0;
    %delay 5000, 0;
    %load/vec4 v00000171fd7c2ec0_0;
    %cmpi/e 2147483649, 0, 32;
    %flag_mov 8, 4;
    %jmp/0 T_1.4, 8;
    %pushi/vec4 1885434739, 0, 32; draw_string_vec4
    %jmp/1 T_1.5, 8;
T_1.4 ; End of true expr.
    %pushi/vec4 1717660012, 0, 32; draw_string_vec4
    %jmp/0 T_1.5, 8;
 ; End of false expr.
    %blend;
T_1.5;
    %vpi_call 2 32 "$display", "%8h %4s  %8h %8h    %s", v00000171fd7c2ce0_0, "add", v00000171fd7c2d80_0, v00000171fd7c2ec0_0, S<0,vec4,u32> {1 0 0};
    %pushi/vec4 0, 0, 32;
    %assign/vec4 v00000171fd7c2ce0_0, 0;
    %pushi/vec4 1, 0, 32;
    %assign/vec4 v00000171fd7c2d80_0, 0;
    %pushi/vec4 8, 0, 4;
    %assign/vec4 v00000171fd7c2e20_0, 0;
    %delay 5000, 0;
    %load/vec4 v00000171fd7c2ec0_0;
    %cmpi/e 4294967295, 0, 32;
    %flag_mov 8, 4;
    %jmp/0 T_1.6, 8;
    %pushi/vec4 1885434739, 0, 32; draw_string_vec4
    %jmp/1 T_1.7, 8;
T_1.6 ; End of true expr.
    %pushi/vec4 1717660012, 0, 32; draw_string_vec4
    %jmp/0 T_1.7, 8;
 ; End of false expr.
    %blend;
T_1.7;
    %vpi_call 2 39 "$display", "%8h %4s  %8h %8h    %s", v00000171fd7c2ce0_0, "sub", v00000171fd7c2d80_0, v00000171fd7c2ec0_0, S<0,vec4,u32> {1 0 0};
    %pushi/vec4 4294967295, 0, 32;
    %assign/vec4 v00000171fd7c2ce0_0, 0;
    %pushi/vec4 1, 0, 32;
    %assign/vec4 v00000171fd7c2d80_0, 0;
    %pushi/vec4 8, 0, 4;
    %assign/vec4 v00000171fd7c2e20_0, 0;
    %delay 5000, 0;
    %load/vec4 v00000171fd7c2ec0_0;
    %cmpi/e 4294967294, 0, 32;
    %flag_mov 8, 4;
    %jmp/0 T_1.8, 8;
    %pushi/vec4 1885434739, 0, 32; draw_string_vec4
    %jmp/1 T_1.9, 8;
T_1.8 ; End of true expr.
    %pushi/vec4 1717660012, 0, 32; draw_string_vec4
    %jmp/0 T_1.9, 8;
 ; End of false expr.
    %blend;
T_1.9;
    %vpi_call 2 45 "$display", "%8h %4s  %8h %8h    %s", v00000171fd7c2ce0_0, "sub", v00000171fd7c2d80_0, v00000171fd7c2ec0_0, S<0,vec4,u32> {1 0 0};
    %pushi/vec4 2147483648, 0, 32;
    %assign/vec4 v00000171fd7c2ce0_0, 0;
    %pushi/vec4 1, 0, 32;
    %assign/vec4 v00000171fd7c2d80_0, 0;
    %pushi/vec4 8, 0, 4;
    %assign/vec4 v00000171fd7c2e20_0, 0;
    %delay 5000, 0;
    %load/vec4 v00000171fd7c2ec0_0;
    %cmpi/e 2147483647, 0, 32;
    %flag_mov 8, 4;
    %jmp/0 T_1.10, 8;
    %pushi/vec4 1885434739, 0, 32; draw_string_vec4
    %jmp/1 T_1.11, 8;
T_1.10 ; End of true expr.
    %pushi/vec4 1717660012, 0, 32; draw_string_vec4
    %jmp/0 T_1.11, 8;
 ; End of false expr.
    %blend;
T_1.11;
    %vpi_call 2 51 "$display", "%8h %4s  %8h %8h    %s", v00000171fd7c2ce0_0, "sub", v00000171fd7c2d80_0, v00000171fd7c2ec0_0, S<0,vec4,u32> {1 0 0};
    %pushi/vec4 4037500026, 0, 32;
    %assign/vec4 v00000171fd7c2ce0_0, 0;
    %pushi/vec4 4112032512, 0, 32;
    %assign/vec4 v00000171fd7c2d80_0, 0;
    %pushi/vec4 6, 0, 4;
    %assign/vec4 v00000171fd7c2e20_0, 0;
    %delay 5000, 0;
    %load/vec4 v00000171fd7c2ec0_0;
    %cmpi/e 4123000698, 0, 32;
    %flag_mov 8, 4;
    %jmp/0 T_1.12, 8;
    %pushi/vec4 1885434739, 0, 32; draw_string_vec4
    %jmp/1 T_1.13, 8;
T_1.12 ; End of true expr.
    %pushi/vec4 1717660012, 0, 32; draw_string_vec4
    %jmp/0 T_1.13, 8;
 ; End of false expr.
    %blend;
T_1.13;
    %vpi_call 2 58 "$display", "%8h %4s  %8h %8h    %s", v00000171fd7c2ce0_0, "or", v00000171fd7c2d80_0, v00000171fd7c2ec0_0, S<0,vec4,u32> {1 0 0};
    %pushi/vec4 2155937536, 0, 32;
    %assign/vec4 v00000171fd7c2ce0_0, 0;
    %pushi/vec4 4278254335, 0, 32;
    %assign/vec4 v00000171fd7c2d80_0, 0;
    %pushi/vec4 7, 0, 4;
    %assign/vec4 v00000171fd7c2e20_0, 0;
    %delay 5000, 0;
    %load/vec4 v00000171fd7c2ec0_0;
    %cmpi/e 2147547648, 0, 32;
    %flag_mov 8, 4;
    %jmp/0 T_1.14, 8;
    %pushi/vec4 1885434739, 0, 32; draw_string_vec4
    %jmp/1 T_1.15, 8;
T_1.14 ; End of true expr.
    %pushi/vec4 1717660012, 0, 32; draw_string_vec4
    %jmp/0 T_1.15, 8;
 ; End of false expr.
    %blend;
T_1.15;
    %vpi_call 2 64 "$display", "%8h %4s  %8h %8h    %s", v00000171fd7c2ce0_0, "and", v00000171fd7c2d80_0, v00000171fd7c2ec0_0, S<0,vec4,u32> {1 0 0};
    %pushi/vec4 4037491834, 0, 32;
    %assign/vec4 v00000171fd7c2ce0_0, 0;
    %pushi/vec4 4112003855, 0, 32;
    %assign/vec4 v00000171fd7c2d80_0, 0;
    %pushi/vec4 4, 0, 4;
    %assign/vec4 v00000171fd7c2e20_0, 0;
    %delay 5000, 0;
    %load/vec4 v00000171fd7c2ec0_0;
    %cmpi/e 96407413, 0, 32;
    %flag_mov 8, 4;
    %jmp/0 T_1.16, 8;
    %pushi/vec4 1885434739, 0, 32; draw_string_vec4
    %jmp/1 T_1.17, 8;
T_1.16 ; End of true expr.
    %pushi/vec4 1717660012, 0, 32; draw_string_vec4
    %jmp/0 T_1.17, 8;
 ; End of false expr.
    %blend;
T_1.17;
    %vpi_call 2 70 "$display", "%8h %4s  %8h %8h    %s", v00000171fd7c2ce0_0, "xor", v00000171fd7c2d80_0, v00000171fd7c2ec0_0, S<0,vec4,u32> {1 0 0};
    %pushi/vec4 1, 0, 32;
    %assign/vec4 v00000171fd7c2ce0_0, 0;
    %pushi/vec4 2, 0, 32;
    %assign/vec4 v00000171fd7c2d80_0, 0;
    %pushi/vec4 2, 0, 4;
    %assign/vec4 v00000171fd7c2e20_0, 0;
    %delay 5000, 0;
    %load/vec4 v00000171fd7c2ec0_0;
    %cmpi/e 1, 0, 32;
    %flag_mov 8, 4;
    %jmp/0 T_1.18, 8;
    %pushi/vec4 1885434739, 0, 32; draw_string_vec4
    %jmp/1 T_1.19, 8;
T_1.18 ; End of true expr.
    %pushi/vec4 1717660012, 0, 32; draw_string_vec4
    %jmp/0 T_1.19, 8;
 ; End of false expr.
    %blend;
T_1.19;
    %vpi_call 2 77 "$display", "%8h %4s  %8h %8h    %s", v00000171fd7c2ce0_0, "slt", v00000171fd7c2d80_0, v00000171fd7c2ec0_0, S<0,vec4,u32> {1 0 0};
    %pushi/vec4 0, 0, 32;
    %assign/vec4 v00000171fd7c2ce0_0, 0;
    %pushi/vec4 1, 0, 32;
    %assign/vec4 v00000171fd7c2d80_0, 0;
    %pushi/vec4 2, 0, 4;
    %assign/vec4 v00000171fd7c2e20_0, 0;
    %delay 5000, 0;
    %load/vec4 v00000171fd7c2ec0_0;
    %cmpi/e 1, 0, 32;
    %flag_mov 8, 4;
    %jmp/0 T_1.20, 8;
    %pushi/vec4 1885434739, 0, 32; draw_string_vec4
    %jmp/1 T_1.21, 8;
T_1.20 ; End of true expr.
    %pushi/vec4 1717660012, 0, 32; draw_string_vec4
    %jmp/0 T_1.21, 8;
 ; End of false expr.
    %blend;
T_1.21;
    %vpi_call 2 83 "$display", "%8h %4s  %8h %8h    %s", v00000171fd7c2ce0_0, "slt", v00000171fd7c2d80_0, v00000171fd7c2ec0_0, S<0,vec4,u32> {1 0 0};
    %pushi/vec4 1, 0, 32;
    %assign/vec4 v00000171fd7c2ce0_0, 0;
    %pushi/vec4 2, 0, 32;
    %assign/vec4 v00000171fd7c2d80_0, 0;
    %pushi/vec4 3, 0, 4;
    %assign/vec4 v00000171fd7c2e20_0, 0;
    %delay 5000, 0;
    %load/vec4 v00000171fd7c2ec0_0;
    %cmpi/e 1, 0, 32;
    %flag_mov 8, 4;
    %jmp/0 T_1.22, 8;
    %pushi/vec4 1885434739, 0, 32; draw_string_vec4
    %jmp/1 T_1.23, 8;
T_1.22 ; End of true expr.
    %pushi/vec4 1717660012, 0, 32; draw_string_vec4
    %jmp/0 T_1.23, 8;
 ; End of false expr.
    %blend;
T_1.23;
    %vpi_call 2 90 "$display", "%8h %4s  %8h %8h    %s", v00000171fd7c2ce0_0, "sltu", v00000171fd7c2d80_0, v00000171fd7c2ec0_0, S<0,vec4,u32> {1 0 0};
    %pushi/vec4 0, 0, 32;
    %assign/vec4 v00000171fd7c2ce0_0, 0;
    %pushi/vec4 1, 0, 32;
    %assign/vec4 v00000171fd7c2d80_0, 0;
    %pushi/vec4 3, 0, 4;
    %assign/vec4 v00000171fd7c2e20_0, 0;
    %delay 5000, 0;
    %load/vec4 v00000171fd7c2ec0_0;
    %cmpi/e 0, 0, 32;
    %flag_mov 8, 4;
    %jmp/0 T_1.24, 8;
    %pushi/vec4 1885434739, 0, 32; draw_string_vec4
    %jmp/1 T_1.25, 8;
T_1.24 ; End of true expr.
    %pushi/vec4 1717660012, 0, 32; draw_string_vec4
    %jmp/0 T_1.25, 8;
 ; End of false expr.
    %blend;
T_1.25;
    %vpi_call 2 96 "$display", "%8h %4s  %8h %8h    %s", v00000171fd7c2ce0_0, "sltu", v00000171fd7c2d80_0, v00000171fd7c2ec0_0, S<0,vec4,u32> {1 0 0};
    %pushi/vec4 4294967040, 0, 32;
    %assign/vec4 v00000171fd7c2ce0_0, 0;
    %pushi/vec4 4, 0, 32;
    %assign/vec4 v00000171fd7c2d80_0, 0;
    %pushi/vec4 1, 0, 4;
    %assign/vec4 v00000171fd7c2e20_0, 0;
    %delay 5000, 0;
    %load/vec4 v00000171fd7c2ec0_0;
    %cmpi/e 4294963200, 0, 32;
    %flag_mov 8, 4;
    %jmp/0 T_1.26, 8;
    %pushi/vec4 1885434739, 0, 32; draw_string_vec4
    %jmp/1 T_1.27, 8;
T_1.26 ; End of true expr.
    %pushi/vec4 1717660012, 0, 32; draw_string_vec4
    %jmp/0 T_1.27, 8;
 ; End of false expr.
    %blend;
T_1.27;
    %vpi_call 2 103 "$display", "%8h %4s  %8h %8h    %s", v00000171fd7c2ce0_0, "sll", v00000171fd7c2d80_0, v00000171fd7c2ec0_0, S<0,vec4,u32> {1 0 0};
    %pushi/vec4 4294967040, 0, 32;
    %assign/vec4 v00000171fd7c2ce0_0, 0;
    %pushi/vec4 36, 0, 32;
    %assign/vec4 v00000171fd7c2d80_0, 0;
    %pushi/vec4 1, 0, 4;
    %assign/vec4 v00000171fd7c2e20_0, 0;
    %delay 5000, 0;
    %load/vec4 v00000171fd7c2ec0_0;
    %cmpi/e 4294963200, 0, 32;
    %flag_mov 8, 4;
    %jmp/0 T_1.28, 8;
    %pushi/vec4 1885434739, 0, 32; draw_string_vec4
    %jmp/1 T_1.29, 8;
T_1.28 ; End of true expr.
    %pushi/vec4 1717660012, 0, 32; draw_string_vec4
    %jmp/0 T_1.29, 8;
 ; End of false expr.
    %blend;
T_1.29;
    %vpi_call 2 109 "$display", "%8h %4s  %8h %8h    %s", v00000171fd7c2ce0_0, "sll", v00000171fd7c2d80_0, v00000171fd7c2ec0_0, S<0,vec4,u32> {1 0 0};
    %pushi/vec4 4294967040, 0, 32;
    %assign/vec4 v00000171fd7c2ce0_0, 0;
    %pushi/vec4 4, 0, 32;
    %assign/vec4 v00000171fd7c2d80_0, 0;
    %pushi/vec4 5, 0, 4;
    %assign/vec4 v00000171fd7c2e20_0, 0;
    %delay 5000, 0;
    %load/vec4 v00000171fd7c2ec0_0;
    %cmpi/e 268435440, 0, 32;
    %flag_mov 8, 4;
    %jmp/0 T_1.30, 8;
    %pushi/vec4 1885434739, 0, 32; draw_string_vec4
    %jmp/1 T_1.31, 8;
T_1.30 ; End of true expr.
    %pushi/vec4 1717660012, 0, 32; draw_string_vec4
    %jmp/0 T_1.31, 8;
 ; End of false expr.
    %blend;
T_1.31;
    %vpi_call 2 116 "$display", "%8h %4s  %8h %8h    %s", v00000171fd7c2ce0_0, "srl", v00000171fd7c2d80_0, v00000171fd7c2ec0_0, S<0,vec4,u32> {1 0 0};
    %pushi/vec4 4294967040, 0, 32;
    %assign/vec4 v00000171fd7c2ce0_0, 0;
    %pushi/vec4 36, 0, 32;
    %assign/vec4 v00000171fd7c2d80_0, 0;
    %pushi/vec4 5, 0, 4;
    %assign/vec4 v00000171fd7c2e20_0, 0;
    %delay 5000, 0;
    %load/vec4 v00000171fd7c2ec0_0;
    %cmpi/e 268435440, 0, 32;
    %flag_mov 8, 4;
    %jmp/0 T_1.32, 8;
    %pushi/vec4 1885434739, 0, 32; draw_string_vec4
    %jmp/1 T_1.33, 8;
T_1.32 ; End of true expr.
    %pushi/vec4 1717660012, 0, 32; draw_string_vec4
    %jmp/0 T_1.33, 8;
 ; End of false expr.
    %blend;
T_1.33;
    %vpi_call 2 122 "$display", "%8h %4s  %8h %8h    %s", v00000171fd7c2ce0_0, "srl", v00000171fd7c2d80_0, v00000171fd7c2ec0_0, S<0,vec4,u32> {1 0 0};
    %pushi/vec4 4294967040, 0, 32;
    %assign/vec4 v00000171fd7c2ce0_0, 0;
    %pushi/vec4 4, 0, 32;
    %assign/vec4 v00000171fd7c2d80_0, 0;
    %pushi/vec4 13, 0, 4;
    %assign/vec4 v00000171fd7c2e20_0, 0;
    %delay 5000, 0;
    %load/vec4 v00000171fd7c2ec0_0;
    %cmpi/e 4294967280, 0, 32;
    %flag_mov 8, 4;
    %jmp/0 T_1.34, 8;
    %pushi/vec4 1885434739, 0, 32; draw_string_vec4
    %jmp/1 T_1.35, 8;
T_1.34 ; End of true expr.
    %pushi/vec4 1717660012, 0, 32; draw_string_vec4
    %jmp/0 T_1.35, 8;
 ; End of false expr.
    %blend;
T_1.35;
    %vpi_call 2 129 "$display", "%8h %4s  %8h %8h    %s", v00000171fd7c2ce0_0, "sra", v00000171fd7c2d80_0, v00000171fd7c2ec0_0, S<0,vec4,u32> {1 0 0};
    %pushi/vec4 2147483392, 0, 32;
    %assign/vec4 v00000171fd7c2ce0_0, 0;
    %pushi/vec4 8, 0, 32;
    %assign/vec4 v00000171fd7c2d80_0, 0;
    %pushi/vec4 13, 0, 4;
    %assign/vec4 v00000171fd7c2e20_0, 0;
    %delay 5000, 0;
    %load/vec4 v00000171fd7c2ec0_0;
    %cmpi/e 8388607, 0, 32;
    %flag_mov 8, 4;
    %jmp/0 T_1.36, 8;
    %pushi/vec4 1885434739, 0, 32; draw_string_vec4
    %jmp/1 T_1.37, 8;
T_1.36 ; End of true expr.
    %pushi/vec4 1717660012, 0, 32; draw_string_vec4
    %jmp/0 T_1.37, 8;
 ; End of false expr.
    %blend;
T_1.37;
    %vpi_call 2 135 "$display", "%8h %4s  %8h %8h    %s", v00000171fd7c2ce0_0, "sra", v00000171fd7c2d80_0, v00000171fd7c2ec0_0, S<0,vec4,u32> {1 0 0};
    %pushi/vec4 2147483392, 0, 32;
    %assign/vec4 v00000171fd7c2ce0_0, 0;
    %pushi/vec4 40, 0, 32;
    %assign/vec4 v00000171fd7c2d80_0, 0;
    %pushi/vec4 13, 0, 4;
    %assign/vec4 v00000171fd7c2e20_0, 0;
    %delay 5000, 0;
    %load/vec4 v00000171fd7c2ec0_0;
    %cmpi/e 8388607, 0, 32;
    %flag_mov 8, 4;
    %jmp/0 T_1.38, 8;
    %pushi/vec4 1885434739, 0, 32; draw_string_vec4
    %jmp/1 T_1.39, 8;
T_1.38 ; End of true expr.
    %pushi/vec4 1717660012, 0, 32; draw_string_vec4
    %jmp/0 T_1.39, 8;
 ; End of false expr.
    %blend;
T_1.39;
    %vpi_call 2 141 "$display", "%8h %4s  %8h %8h    %s", v00000171fd7c2ce0_0, "sra", v00000171fd7c2d80_0, v00000171fd7c2ec0_0, S<0,vec4,u32> {1 0 0};
    %end;
    .thread T_1;
# The file index is used to find the file name in the following table.
:file_names 4;
    "N/A";
    "<interactive>";
    "testbench_alu.v";
    "alu.v";
